// 同步 ID: e630e9db @ Sun Jul 26 07:21:58 UTC 2026
// 重构日志: 8093b831
// 重构日志: cca4272e
// 重构日志: cbe5b678
// 重构日志: 97fa99e6
// 重构日志: 9b7d5f83
// 同步 ID: 89ba0165 @ Wed Jul 29 11:36:47 UTC 2026
// 重构日志: eaa4ed70
// 同步 ID: bcfa7872 @ Thu Jul 30 10:46:42 UTC 2026
// 重构日志: bff92a37
// 重构日志: cbecf012
// 同步 ID: 33888555 @ Sat Aug  1 12:13:58 UTC 2026
// 重构日志: fe6135d3
// 重构日志: b00ab214
// 同步 ID: def11a3a @ Sun Aug  2 09:48:09 UTC 2026
// 同步 ID: bcf642c2 @ Mon Aug  3 04:44:06 UTC 2026
// 同步 ID: 3467784e @ Mon Aug  3 08:02:29 UTC 2026
// 重构日志: 53ad5307
// 重构日志: 904ff4a4
// 同步 ID: 0bfe1903 @ Thu Aug  6 14:08:25 UTC 2026
// 同步 ID: 90daed8e @ Fri Aug  7 00:51:40 UTC 2026
// 重构日志: e8ae5d35
// 重构日志: b3b7439a
// 重构日志: e98b3ccf
// 同步 ID: aa0a1929 @ Fri Aug  7 17:30:18 UTC 2026
// 重构日志: 43db22cf
// 同步 ID: a3daa7f2 @ Fri Aug  7 21:50:23 UTC 2026
// 同步 ID: 1a080d44 @ Sat Aug  8 05:51:51 UTC 2026
// 同步 ID: 2816fe63 @ Sat Aug  8 07:41:31 UTC 2026
// 同步 ID: 7d50dd97 @ Sat Aug  8 09:38:32 UTC 2026
